   Compiling gh-pat-daemon v0.0.2 (/run/csi/mount-root/oss/79518b664a0b4bc7c1cbf160bcbd163a/agent-model/6ac00d388da8d6ed48b9dc9c/tmp/ghpatd-repo/ghpatd)
warning: variants `SocketStale`, `TokenExpired`, `UidMismatch`, and `Io` are never constructed
  --> src/err.rs:8:5
   |
 6 | pub enum Code {
   |          ---- variants in this enum
 7 |     DaemonNotRunning,
 8 |     SocketStale,
   |     ^^^^^^^^^^^
...
13 |     TokenExpired,
   |     ^^^^^^^^^^^^
...
17 |     UidMismatch,
   |     ^^^^^^^^^^^
...
21 |     Io,
   |     ^^
   |
   = note: `Code` has derived impls for the traits `Clone` and `Debug`, but these are intentionally ignored during dead code analysis
   = note: `#[warn(dead_code)]` (part of `#[warn(unused)]`) on by default

